../USB_DEVICE/Target/usbd_conf.c:69:6:HAL_PCD_MspInit	208	static
../USB_DEVICE/Target/usbd_conf.c:123:6:HAL_PCD_MspDeInit	24	static
../USB_DEVICE/Target/usbd_conf.c:168:6:HAL_PCD_SetupStageCallback	16	static
../USB_DEVICE/Target/usbd_conf.c:183:6:HAL_PCD_DataOutStageCallback	16	static
../USB_DEVICE/Target/usbd_conf.c:198:6:HAL_PCD_DataInStageCallback	16	static
../USB_DEVICE/Target/usbd_conf.c:212:6:HAL_PCD_SOFCallback	16	static
../USB_DEVICE/Target/usbd_conf.c:226:6:HAL_PCD_ResetCallback	24	static
../USB_DEVICE/Target/usbd_conf.c:251:6:HAL_PCD_SuspendCallback	16	static
../USB_DEVICE/Target/usbd_conf.c:276:6:HAL_PCD_ResumeCallback	16	static
../USB_DEVICE/Target/usbd_conf.c:301:6:HAL_PCD_ISOOUTIncompleteCallback	16	static
../USB_DEVICE/Target/usbd_conf.c:316:6:HAL_PCD_ISOINIncompleteCallback	16	static
../USB_DEVICE/Target/usbd_conf.c:330:6:HAL_PCD_ConnectCallback	16	static
../USB_DEVICE/Target/usbd_conf.c:344:6:HAL_PCD_DisconnectCallback	16	static
../USB_DEVICE/Target/usbd_conf.c:359:20:USBD_LL_Init	16	static
../USB_DEVICE/Target/usbd_conf.c:409:20:USBD_LL_DeInit	24	static
../USB_DEVICE/Target/usbd_conf.c:441:20:USBD_LL_Start	24	static
../USB_DEVICE/Target/usbd_conf.c:473:20:USBD_LL_Stop	24	static
../USB_DEVICE/Target/usbd_conf.c:508:20:USBD_LL_OpenEP	24	static
../USB_DEVICE/Target/usbd_conf.c:541:20:USBD_LL_CloseEP	24	static
../USB_DEVICE/Target/usbd_conf.c:574:20:USBD_LL_FlushEP	24	static
../USB_DEVICE/Target/usbd_conf.c:607:20:USBD_LL_StallEP	24	static
../USB_DEVICE/Target/usbd_conf.c:640:20:USBD_LL_ClearStallEP	24	static
../USB_DEVICE/Target/usbd_conf.c:673:9:USBD_LL_IsStallEP	24	static
../USB_DEVICE/Target/usbd_conf.c:693:20:USBD_LL_SetUSBAddress	24	static
../USB_DEVICE/Target/usbd_conf.c:728:20:USBD_LL_Transmit	32	static
../USB_DEVICE/Target/usbd_conf.c:763:20:USBD_LL_PrepareReceive	32	static
../USB_DEVICE/Target/usbd_conf.c:796:10:USBD_LL_GetRxDataSize	16	static
../USB_DEVICE/Target/usbd_conf.c:807:6:HAL_PCDEx_LPM_Callback	16	static
../USB_DEVICE/Target/usbd_conf.c:842:6:USBD_LL_Delay	16	static
../USB_DEVICE/Target/usbd_conf.c:852:7:USBD_static_malloc	16	static
../USB_DEVICE/Target/usbd_conf.c:863:6:USBD_static_free	16	static
../USB_DEVICE/Target/usbd_conf.c:874:13:SystemClockConfig_Resume	8	static
